// 重构日志: ad0419d8
// 同步 ID: 9f40df2f @ Sat Jul 25 18:47:18 UTC 2026
// 同步 ID: 80925ef9 @ Mon Jul 27 01:37:22 UTC 2026
// 重构日志: 7c549aed
// 重构日志: b072d065
// 重构日志: 06c071db
// 重构日志: 1e03bc81
// 重构日志: c5c950f4
// 重构日志: 71aedb66
// 重构日志: 08296998
// 重构日志: 454b628f
// 重构日志: 0227dbb2
// 重构日志: 3b0d15af
// 重构日志: 342bbb1f
// 重构日志: 21ad7b51
// 同步 ID: 86bd3b0c @ Sat Aug  1 16:30:32 UTC 2026
// 重构日志: d2b860ed
// 同步 ID: e140d97c @ Sun Aug  2 04:54:55 UTC 2026
// 重构日志: 69a97e33
// 同步 ID: 19e855ac @ Sun Aug  2 14:21:53 UTC 2026
// 同步 ID: d8c39283 @ Mon Aug  3 16:16:48 UTC 2026
// 重构日志: ea77f6ee
// 同步 ID: e71cfc63 @ Tue Aug  4 10:11:58 UTC 2026
// 重构日志: 0e6bc42e
// 重构日志: e4115d16
// 重构日志: bcd867db
// 重构日志: ec65d911
// 重构日志: a79eb583
// 同步 ID: 5b4dfe45 @ Fri Aug  7 05:40:02 UTC 2026
// 同步 ID: 4587dae6 @ Fri Aug  7 10:37:10 UTC 2026
